· tsc --noEmit (budget 300s)
· npm run build (budget 300s)
[2mdist/[22m[32mindex.html                              [39m[1m[2m    2.80 kB[22m[1m[22m[2m │ gzip:   1.07 kB[22m
[2mdist/[22m[35massets/index-BntsJDEU.css               [39m[1m[2m  224.48 kB[22m[1m[22m[2m │ gzip:  33.18 kB[22m
[2mdist/[22m[36massets/Float-BlBzZRc4.js                [39m[1m[2m    1.43 kB[22m[1m[22m[2m │ gzip:   0.77 kB[22m
[2mdist/[22m[36massets/login-scene-3d-CkB-6SaW.js       [39m[1m[2m    1.96 kB[22m[1m[22m[2m │ gzip:   0.95 kB[22m
[2mdist/[22m[36massets/MeshDistortMaterial-B2CBjeHI.js  [39m[1m[2m    2.66 kB[22m[1m[22m[2m │ gzip:   1.24 kB[22m
[2mdist/[22m[36massets/HeroGlobe-CjVD3Sz8.js            [39m[1m[2m    2.79 kB[22m[1m[22m[2m │ gzip:   1.34 kB[22m
[2mdist/[22m[36massets/DiscoverCanvas-DllOi9xj.js       [39m[1m[2m    3.13 kB[22m[1m[22m[2m │ gzip:   1.47 kB[22m
[2mdist/[22m[36massets/PortfolioCanvas-SzmgR18c.js      [39m[1m[2m    3.14 kB[22m[1m[22m[2m │ gzip:   1.39 kB[22m
[2mdist/[22m[36massets/Html-2YKFcO3R.js                 [39m[1m[2m    7.73 kB[22m[1m[22m[2m │ gzip:   3.12 kB[22m
[2mdist/[22m[36massets/PerformanceMonitor-Dmq6E1tJ.js   [39m[1m[33m  891.81 kB[39m[22m[2m │ gzip: 240.72 kB[22m
[2mdist/[22m[36massets/index-DmTPnsvQ.js                [39m[1m[33m2,942.32 kB[39m[22m[2m │ gzip: 792.59 kB[22m
[33m
(!) Some chunks are larger than 500 kB after minification. Consider:
- Using dynamic import() to code-split the application
- Use build.rollupOptions.output.manualChunks to improve chunking: https://rollupjs.org/configuration-options/#output-manualchunks
- Adjust chunk size limit for this warning via build.chunkSizeWarningLimit.[39m
[32m✓ built in 1m 25s[39m

> my-project@0.1.0 postbuild
> node scripts/prerender.mjs
· npm test (budget 600s)
VERDICT: broken (real findings above)
  LEG tsc: proved
  LEG build: BROKEN (build failed)
  LEG tests: proved
