· backend enum: MilestoneStatus/EscrowStatus are exactly PENDING/FUNDED/RELEASED/REFUNDED/FROZEN
  clean — both enums carry all 5 states this gate totals over
· deriveEscrowFromMilestones: totals held-money over FUNDED and FROZEN, never RELEASED/REFUNDED
  clean — held = FUNDED+FROZEN only, and frozen is exposed distinctly
· Contract type: escrowFrozen exists as its own field (not derived ad hoc at render time)
  clean
· Escrow Status tile: FROZEN renders its own label/state, distinct from the green Locked badge
  clean — FROZEN has its own branch, and it does not reuse green/Locked styling
· Payments tab per-milestone row: a FROZEN milestone does not share isFunded's styling
  clean — isFrozen is derived per-row alongside isFunded/isReleased/isRefunded
· vitest: contracts-and-deliverables.frozen-escrow.test.tsx (real suite, not a stub)
[2m Test Files [22m [1m[32m1 passed[39m[22m[90m (1)[39m
[2m      Tests [22m [1m[32m4 passed[39m[22m[90m (4)[39m
  suite green
VERDICT: aligned (proved) — deriveEscrowFromMilestones totals over FUNDED+FROZEN as held
         money (never RELEASED/REFUNDED) and exposes frozen as its own fact; the Escrow
         Status tile and the per-milestone Payments row both render FROZEN distinctly from
         ordinary Locked/FUNDED, never reusing the green styling; and the F-0273 vitest
         suite passes.
NOT CHECKED: whether the backend's MilestoneStatus/EscrowStatus sets ever grow a 6th state;
             live rendering against a real disputed contract (only a running backend + E2E
             proves that); accessibility/contrast of the stage-disputed token pair.
