· request DTO: ContractGenerateRequest can carry terms text
  clean — ContractGenerateRequest carries terms
· entity: Contract persists real terms text in a column distinct from the tamper hash
  clean — terms_text column mapped, pre-existing tamper-hash terms column untouched
· response DTO: ContractResponse can return terms text
  clean — ContractResponse carries terms
· service (WRITE-THREAD): generate() actually reads req.terms() into the entity write —
  not just declared on the DTO and dropped (the exact shape of wrong fix F-0292's first
  gate missed)
  clean — req.terms() is threaded into Contract.builder().termsText(...) in generate()
· service (READ-MODEL): toResponse() actually reads the persisted terms back out —
  not just declared on the response record and left null on every path
  clean — toResponse() passes contract.getTermsText() into ContractResponse
· migration: a MySQL-grammar migration adds the terms_text column
  clean — influora-api/src/main/resources/db/migration/V20260817140000__contract_terms_text.sql adds terms_text in MySQL grammar
· immutability (1/2): Contract exposes no public post-construction mutator for terms text
VERDICT: broken — Contract exposes a post-construction setTermsText/updateTermsText
         mutator outside Contract.Builder; a contract's clauses could be changed after
         either party has e-signed under the IT Act 2000 binding notice (F-0283)
EXIT_CODE=1

=== supplementary: F-0283 immutability wrongfix #2 (ContractController terms-editing surface) ===
· request DTO: ContractGenerateRequest can carry terms text
  clean — ContractGenerateRequest carries terms
· entity: Contract persists real terms text in a column distinct from the tamper hash
  clean — terms_text column mapped, pre-existing tamper-hash terms column untouched
· response DTO: ContractResponse can return terms text
  clean — ContractResponse carries terms
· service (WRITE-THREAD): generate() actually reads req.terms() into the entity write —
  not just declared on the DTO and dropped (the exact shape of wrong fix F-0292's first
  gate missed)
  clean — req.terms() is threaded into Contract.builder().termsText(...) in generate()
· service (READ-MODEL): toResponse() actually reads the persisted terms back out —
  not just declared on the response record and left null on every path
  clean — toResponse() passes contract.getTermsText() into ContractResponse
· migration: a MySQL-grammar migration adds the terms_text column
  clean — influora-api/src/main/resources/db/migration/V20260817140000__contract_terms_text.sql adds terms_text in MySQL grammar
· immutability (1/2): Contract exposes no public post-construction mutator for terms text
  clean — no setTermsText/updateTermsText mutator outside Contract.Builder
· immutability (2/2): ContractController exposes no HTTP surface for editing contract terms
VERDICT: broken — ContractController now references 'terms'; an update-terms HTTP surface
         appears to have been added, reopening a contract's clauses after generation
         (F-0283)
EXIT_CODE=1
