=== F-0335 injection log — 2026-08-18T12:38:56Z ===
subject: src/pages/brand-pipeline.tsx
pre-injection sha256: 821fed5ccad57de6c5c2f36419626f943db1afe3cb43d35d12a5a202d17e4226 *src/pages/brand-pipeline.tsx

--- STEP 1: OLD gate (name-locked) vs the REAL tree — expect 0 ---
fixed shape holds: render helpers invoked as plain calls, no in-render component identity
NOT CHECKED: components created during render in OTHER files (this gate is one file); whether the helpers themselves are heavy enough to need memoization; runtime state-loss behaviour
OLD GATE / real tree EXIT=0

--- STEP 2: INJECT the new-identifier defect (KanbanView) ---
injected newname
injected sha256: 00c58dffe740f22ff7e58d1d5cb4431efe359b1d4cadb27ef25acc80c44cc5de *src/pages/brand-pipeline.tsx
464:  const KanbanView = () => (
774:            {viewMode === 'board' && <KanbanView />}

--- OLD gate vs the KanbanView injection ---
fixed shape holds: render helpers invoked as plain calls, no in-render component identity
NOT CHECKED: components created during render in OTHER files (this gate is one file); whether the helpers themselves are heavy enough to need memoization; runtime state-loss behaviour
OLD GATE / KanbanView injection EXIT=0

--- new AST analyser vs the same injected tree (pre-verification of the repair) ---
src/pages/brand-pipeline.tsx:464: KanbanView (arrow function) is declared inside BrandPipelinePage (line 412) and mounted as <KanbanView> at line 774 — a new component identity on every render, so React remounts its whole subtree and loses its state
1 in-render component identity
ANALYSER EXIT=1

--- STEP 3: RESTORE from the snapshot taken minutes ago (F-0326: never a stale one) ---
restored sha256: 821fed5ccad57de6c5c2f36419626f943db1afe3cb43d35d12a5a202d17e4226 *src/pages/brand-pipeline.tsx
expected sha256: 821fed5ccad57de6c5c2f36419626f943db1afe3cb43d35d12a5a202d17e4226 *src/pages/brand-pipeline.tsx
src/pages/brand-pipeline.tsx: OK
HASH MATCH
git status --porcelain: []

==============================================================
--- STEP 4: REPAIRED gate vs the REAL tree — expect 0 ---
· self-check: the frozen known-bad / known-good table under gates/fixtures/F-0335
  good — 5/5 known-bad shapes detected, 6/6 known-good shapes clean,
  so a green below means something
· src/pages/brand-pipeline.tsx, parsed: no function/class literal declared in a render body is mounted as JSX
  clean: no function or class literal declared inside a render body is mounted as JSX
· anchor: the board/list/timeline view switch still exists
  all three branches present
VERDICT: aligned (proved) — brand-pipeline.tsx was PARSED, not grepped: no function or class
         literal declared inside any render body in the file is mounted as a JSX tag, whatever
         it is called. The detector was proved falsifiable against 5 frozen defect shapes
         (including the original three-identifier F-0050 and the KanbanView rename that walked
         past the old gate) and proved silent on 6 frozen known-goods (module-scope
         components, render helpers, useMemo/useCallback elements, render props, map callbacks,
         dynamic component aliases, and a comment quoting the defect) before this file was read.
NOT CHECKED: components created during render in OTHER files — this gate is one file; a nested
             component passed as a PROP rather than mounted as a tag (<Route element={Panel}/>);
             a nested component wrapped in a call the analyser cannot see through
             (React.memo(() => <div/>) inside a render body IS still unstable and is treated as
             stable here, a deliberate trade for zero false reds); a component defined in a
             custom hook that contains no JSX of its own; whether the surviving render helpers
             are heavy enough to need memoization; and runtime state-loss behaviour — nothing
             here observes a real remount, only the shape that causes one.
NEW GATE / real tree EXIT=0

--- STEP 5: REPAIRED gate vs the NEW-IDENTIFIER injection (KanbanView) — expect 1 ---
injected newname
· self-check: the frozen known-bad / known-good table under gates/fixtures/F-0335
  good — 5/5 known-bad shapes detected, 6/6 known-good shapes clean,
  so a green below means something
· src/pages/brand-pipeline.tsx, parsed: no function/class literal declared in a render body is mounted as JSX
  src/pages/brand-pipeline.tsx:464: KanbanView (arrow function) is declared inside BrandPipelinePage (line 412) and mounted as <KanbanView> at line 774 — a new component identity on every render, so React remounts its whole subtree and loses its state
  1 in-render component identity
· anchor: the board/list/timeline view switch still exists
VERDICT: broken — a component is being created inside a render body and mounted as JSX;
         its subtree remounts on every parent render and loses its state (F-0050/F-0335)
NEW GATE / KanbanView injection EXIT=1
src/pages/brand-pipeline.tsx: OK
restore #1 HASH MATCH

--- STEP 6: REPAIRED gate vs the ORIGINAL three-identifier defect (BoardView) — expect 1 ---
injected original
· self-check: the frozen known-bad / known-good table under gates/fixtures/F-0335
  good — 5/5 known-bad shapes detected, 6/6 known-good shapes clean,
  so a green below means something
· src/pages/brand-pipeline.tsx, parsed: no function/class literal declared in a render body is mounted as JSX
  src/pages/brand-pipeline.tsx:464: BoardView (arrow function) is declared inside BrandPipelinePage (line 412) and mounted as <BoardView> at line 774 — a new component identity on every render, so React remounts its whole subtree and loses its state
  1 in-render component identity
· anchor: the board/list/timeline view switch still exists
VERDICT: broken — a component is being created inside a render body and mounted as JSX;
         its subtree remounts on every parent render and loses its state (F-0050/F-0335)
NEW GATE / BoardView injection EXIT=1
src/pages/brand-pipeline.tsx: OK
restore #2 HASH MATCH

--- STEP 7: FALSE-RED probe on the REAL subject. Inject the PRESCRIBED FIX shape
    (KanbanView hoisted to MODULE scope and mounted as JSX) plus an in-render ALIAS
    of a module-scope component also mounted as JSX. Both are correct React — expect 0.
    NOTE: the OLD gate would have RED-ed on the module-scope hoist, i.e. failed the fix
    its own ledger record prescribes.
injected known-good (module-scope component + in-render alias, both mounted as JSX)
    412:const KanbanView = ({ label }: { label: string }) => (
    468:  const ActiveView = KanbanView;
    774:            {viewMode === 'board' && <KanbanView label="k" />}
    775:            {viewMode === 'board' && <ActiveView label="a" />}
  · OLD (name-locked) gate on this correct tree, for contrast:
fixed shape holds: render helpers invoked as plain calls, no in-render component identity
NOT CHECKED: components created during render in OTHER files (this gate is one file); whether the helpers themselves are heavy enough to need memoization; runtime state-loss behaviour
  OLD GATE / correct module-scope tree EXIT=0
  · REPAIRED gate on the same tree:
· self-check: the frozen known-bad / known-good table under gates/fixtures/F-0335
  good — 5/5 known-bad shapes detected, 6/6 known-good shapes clean,
  so a green below means something
· src/pages/brand-pipeline.tsx, parsed: no function/class literal declared in a render body is mounted as JSX
  clean: no function or class literal declared inside a render body is mounted as JSX
· anchor: the board/list/timeline view switch still exists
  all three branches present
VERDICT: aligned (proved) — brand-pipeline.tsx was PARSED, not grepped: no function or class
         literal declared inside any render body in the file is mounted as a JSX tag, whatever
         it is called. The detector was proved falsifiable against 5 frozen defect shapes
         (including the original three-identifier F-0050 and the KanbanView rename that walked
         past the old gate) and proved silent on 6 frozen known-goods (module-scope
         components, render helpers, useMemo/useCallback elements, render props, map callbacks,
         dynamic component aliases, and a comment quoting the defect) before this file was read.
NOT CHECKED: components created during render in OTHER files — this gate is one file; a nested
             component passed as a PROP rather than mounted as a tag (<Route element={Panel}/>);
             a nested component wrapped in a call the analyser cannot see through
             (React.memo(() => <div/>) inside a render body IS still unstable and is treated as
             stable here, a deliberate trade for zero false reds); a component defined in a
             custom hook that contains no JSX of its own; whether the surviving render helpers
             are heavy enough to need memoization; and runtime state-loss behaviour — nothing
             here observes a real remount, only the shape that causes one.
NEW GATE / known-good injection EXIT=0
src/pages/brand-pipeline.tsx: OK
restore #3 HASH MATCH

--- STEP 8: the OLD gate's LATENT FALSE RED, proved. Apply the fix record F-0050 itself
    prescribes — 'hoist to module scope threading closed-over state as props' — using the
    record's own identifier. Correct React. OLD gate expect 1 (false red); NEW gate expect 0.
applied the fix F-0050 prescribes: BoardView hoisted to module scope, mounted as JSX
  · OLD gate:
JSX MOUNT of view component present (non-comment line):
772:            {viewMode === 'board' && <BoardView label="b" />}
NOT CHECKED: components created during render in OTHER files (this gate is one file); whether the helpers themselves are heavy enough to need memoization; runtime state-loss behaviour
  OLD GATE / prescribed-fix tree EXIT=1
  · REPAIRED gate:
             stable here, a deliberate trade for zero false reds); a component defined in a
             custom hook that contains no JSX of its own; whether the surviving render helpers
             are heavy enough to need memoization; and runtime state-loss behaviour — nothing
             here observes a real remount, only the shape that causes one.
  NEW GATE / prescribed-fix tree EXIT=0
  NEW GATE / prescribed-fix tree EXIT (unpiped)=0
src/pages/brand-pipeline.tsx: OK
restore #4 HASH MATCH

--- STEP 9: the SELF-FALSIFICATION DEVICE itself, proved to fire (F-0273/F-0319 device).
  9a · detector rotted BLIND (always clean). Expect exit 1, 'THIS GATE CANNOT FAIL'.
· self-check: the frozen known-bad / known-good table under gates/fixtures/F-0335
  BLIND on bad-01-original-three.tsx — this defect was NOT detected (exit 0)
      clean: stub
  BLIND on bad-02-new-identifier.tsx — this defect was NOT detected (exit 0)
      clean: stub
  BLIND on bad-03-function-declaration.tsx — this defect was NOT detected (exit 0)
      clean: stub
  BLIND on bad-04-nested-in-render-helper.tsx — this defect was NOT detected (exit 0)
      clean: stub
  BLIND on bad-05-class-in-render.tsx — this defect was NOT detected (exit 0)
      clean: stub
· THIS GATE CANNOT FAIL: its own detector passed a frozen known-bad. Refusing to report
  a verdict about the real code from a check that has just proved itself blind.
VERDICT: broken — the F-0050 detector no longer detects F-0050's class (F-0335)
NOT CHECKED: the real product code — this run never got that far
  EXIT=1

  9b · detector rotted into a FALSE-REDDER (always finds something). Expect exit 1,
       'THIS GATE IS NOT TRUSTWORTHY: it reds on ordinary React'.
· self-check: the frozen known-bad / known-good table under gates/fixtures/F-0335
  FALSE RED on good-01-module-scope-component.tsx — ordinary, correct React was reported as the defect
      stub finding
  FALSE RED on good-02-render-helpers-called.tsx — ordinary, correct React was reported as the defect
      stub finding
  FALSE RED on good-03-usememo-usecallback-element.tsx — ordinary, correct React was reported as the defect
      stub finding
  FALSE RED on good-04-render-props-and-map.tsx — ordinary, correct React was reported as the defect
      stub finding
  FALSE RED on good-05-dynamic-component-alias.tsx — ordinary, correct React was reported as the defect
      stub finding
  FALSE RED on good-06-comment-quotes-the-defect.tsx — ordinary, correct React was reported as the defect
      stub finding
· THIS GATE IS NOT TRUSTWORTHY: it reds on ordinary React. A class-detector that false-reds
  is worse than the name-lock it replaced, because it will be disabled. Refusing to certify.
VERDICT: broken — the F-0050 detector false-reds on correct React (F-0335)
NOT CHECKED: the real product code — this run never got that far
  EXIT=1

  9c · analyser restored; gate green again:
  EXIT=0

--- STEP 10: invocation robustness (runners call gates with and without a dir arg) ---
  no-arg from / EXIT=0
  dir-arg from / EXIT=0

--- FINAL: subject file integrity ---
final sha256:    821fed5ccad57de6c5c2f36419626f943db1afe3cb43d35d12a5a202d17e4226 *src/pages/brand-pipeline.tsx
original sha256: 821fed5ccad57de6c5c2f36419626f943db1afe3cb43d35d12a5a202d17e4226 *src/pages/brand-pipeline.tsx
git status --porcelain src/pages/brand-pipeline.tsx: []
=== end of log ===
