
> my-project@0.1.0 build
> vite build

▲ [WARNING] Duplicate key "baseUrl" in object literal [duplicate-object-key]

    ../../tsconfig.json:21:4:
      21 │     "baseUrl": ".",
         ╵     ~~~~~~~~~

  The original key "baseUrl" is here:

    ../../tsconfig.json:20:4:
      20 │     "baseUrl": ".",
         ╵     ~~~~~~~~~

[36mvite v6.4.2 [32mbuilding for production...[36m[39m
transforming...
[32m✓[39m 4772 modules transformed.
rendering chunks...
computing gzip size...
[2mdist/[22m[32mindex.html                              [39m[1m[2m    2.80 kB[22m[1m[22m[2m │ gzip:   1.07 kB[22m
[2mdist/[22m[35massets/index-6mpxpz2T.css               [39m[1m[2m  218.20 kB[22m[1m[22m[2m │ gzip:  32.16 kB[22m
[2mdist/[22m[36massets/Float-B8tujmjh.js                [39m[1m[2m    1.43 kB[22m[1m[22m[2m │ gzip:   0.77 kB[22m
[2mdist/[22m[36massets/login-scene-3d-DGKI8aHL.js       [39m[1m[2m    1.97 kB[22m[1m[22m[2m │ gzip:   0.96 kB[22m
[2mdist/[22m[36massets/MeshDistortMaterial-_6aA1DdC.js  [39m[1m[2m    2.66 kB[22m[1m[22m[2m │ gzip:   1.24 kB[22m
[2mdist/[22m[36massets/HeroGlobe-DdsjT9gp.js            [39m[1m[2m    2.80 kB[22m[1m[22m[2m │ gzip:   1.35 kB[22m
[2mdist/[22m[36massets/PortfolioCanvas-B3G4XM3D.js      [39m[1m[2m    3.15 kB[22m[1m[22m[2m │ gzip:   1.40 kB[22m
[2mdist/[22m[36massets/DiscoverCanvas-CeH0w1rj.js       [39m[1m[2m    3.17 kB[22m[1m[22m[2m │ gzip:   1.48 kB[22m
[2mdist/[22m[36massets/Html-Br0M-Wvu.js                 [39m[1m[2m    7.73 kB[22m[1m[22m[2m │ gzip:   3.12 kB[22m
[2mdist/[22m[36massets/PerformanceMonitor-BhSIFJlm.js   [39m[1m[33m  891.81 kB[39m[22m[2m │ gzip: 240.72 kB[22m
[2mdist/[22m[36massets/index-CgZhCpIo.js                [39m[1m[33m2,719.68 kB[39m[22m[2m │ gzip: 732.10 kB[22m
[33m
(!) Some chunks are larger than 500 kB after minification. Consider:
- Using dynamic import() to code-split the application
- Use build.rollupOptions.output.manualChunks to improve chunking: https://rollupjs.org/configuration-options/#output-manualchunks
- Adjust chunk size limit for this warning via build.chunkSizeWarningLimit.[39m
[32m✓ built in 33.17s[39m

> my-project@0.1.0 postbuild
> node scripts/prerender.mjs

  wrote dist/app-shell.html (pristine SPA fallback for private zones)
  captured /
  captured /pricing
  captured /about
  captured /contact
  captured /how-it-works/brands
  captured /how-it-works/creators
  captured /features/escrow
  captured /features/deal-room
  captured /features/hype
  captured /blog
  captured /blog/what-is-escrow-in-influencer-marketing
  captured /blog/how-to-pay-influencers-safely-india-2026
  captured /blog/micro-influencer-pricing-guide-india-2026
  captured /terms
  captured /privacy
  captured /support
  ok   /                                             -> dist\index.html (71513 bytes)
  ok   /pricing                                      -> dist\pricing\index.html (79866 bytes)
  ok   /about                                        -> dist\about\index.html (29658 bytes)
  ok   /contact                                      -> dist\contact\index.html (24358 bytes)
  ok   /how-it-works/brands                          -> dist\how-it-works\brands\index.html (33051 bytes)
  ok   /how-it-works/creators                        -> dist\how-it-works\creators\index.html (33702 bytes)
  ok   /features/escrow                              -> dist\features\escrow\index.html (46236 bytes)
  ok   /features/deal-room                           -> dist\features\deal-room\index.html (34586 bytes)
  ok   /features/hype                                -> dist\features\hype\index.html (36061 bytes)
  ok   /blog                                         -> dist\blog\index.html (14373 bytes)
  ok   /blog/what-is-escrow-in-influencer-marketing  -> dist\blog\what-is-escrow-in-influencer-marketing\index.html (27710 bytes)
  ok   /blog/how-to-pay-influencers-safely-india-2026 -> dist\blog\how-to-pay-influencers-safely-india-2026\index.html (29470 bytes)
  ok   /blog/micro-influencer-pricing-guide-india-2026 -> dist\blog\micro-influencer-pricing-guide-india-2026\index.html (30092 bytes)
  ok   /terms                                        -> dist\terms\index.html (4354 bytes)
  ok   /privacy                                      -> dist\privacy\index.html (4349 bytes)
  ok   /support                                      -> dist\support\index.html (4350 bytes)

=== PRERENDER: 16/16 routes snapshotted ===
All marketing routes prerendered successfully.
