36 <Button> with no handler in brand+creator surfaces

src\components\brand\campaigns\campaign-form.tsx:884 | <Calendar className="mr-2 h-4 w-4" /> {formData.s
src\components\brand\campaigns\campaign-form.tsx:926 | <Calendar className="mr-2 h-4 w-4" /> {formData.e
src\components\brand\campaigns\campaigns-list.tsx:642 | <ArrowUpDown className="mr-2 h-4 w-4" /> Sort <ChevronD
src\components\brand\campaigns\campaigns-list.tsx:778 | <MoreHorizontal className="h-4 w-4" /> </Button>
src\components\brand\campaigns\campaigns-list.tsx:961 | <MoreHorizontal className="h-4 w-4" /> </Button>
src\components\brand\contracts\contracts-and-deliverables.tsx:1036 | <MessageSquare className="w-4 h-4" /> Message
src\components\brand\contracts\contracts-and-deliverables.tsx:1046 | <ExternalLink className="w-4 h-4" /> Open in Deal Roo
src\components\brand\contracts\contracts-and-deliverables.tsx:1332 | <Play className="w-3 h-3" />
src\components\brand\deals\deal-room-dashboard.tsx:781 | <MessageCircle className="h-4 w-4 mr-2" /> Continue C
src\components\brand\deals\deal-room-dashboard.tsx:870 | <Paperclip className="h-4 w-4" /> </Button>
src\components\brand\discover\creator-discovery.tsx:878 | <SlidersHorizontal className="h-4 w-4" /> Filters
src\components\brand\discover\creator-discovery.tsx:1070 | Sort <ChevronDown className="h-4 w-4" /> </Button>
src\components\brand\timeline\event-cards\contract-card.tsx:110 | <PenTool className="h-3 w-3" /> Sign </Button> )} <
src\components\brand\timeline\event-cards\proposal-card.tsx:87 | Accept </Button> <Button size="sm" variant="outline" cl
src\components\brand\timeline\event-cards\proposal-card.tsx:90 | Counter </Button> <Button size="sm" variant="ghost" cla
src\components\brand\timeline\event-cards\proposal-card.tsx:93 | Reject </Button> </div> )} {isAccepted && ( <d
src\components\brand\timeline\panels\deliverable-review-panel.tsx:395 | Download Approved Version </Button> )} </div> </d
src\components\creator\deal-room\creator-contract-panel.tsx:316 | <CheckCircle2 className="h-4 w-4" /> Signed & Active </
src\pages\brand-billing-settings.tsx:476 | {cancelBusy && <Loader2 className="mr-1 h-3.5 w-3.5 ani
src\pages\brand-campaign-detail.tsx:1028 | <Edit className="h-4 w-4 mr-1.5" /> Edit </Bu
src\pages\brand-campaign-detail.tsx:1052 | {exportingFormat ? ( <Loader2 className="h-4 w-4 animat
src\pages\brand-campaign-detail.tsx:1078 | <MoreHorizontal className="h-4 w-4" /> </Button>
src\pages\brand-chat.tsx:2048 | <MoreVertical className="h-4 w-4" /> </Button>
src\pages\brand-chat.tsx:2427 | <CheckCircle2 className="h-3.5 w-3.5 mr-1" />
src\pages\brand-chat.tsx:2431 | <Pen className="h-3.5 w-3.5 mr-1" /> Requ
src\pages\brand-chat.tsx:2520 | <Paperclip className="h-5 w-5" /> </Button> <Textarea
src\pages\brand-messages.tsx:717 | <MoreVertical className="h-4 w-4" /> </Button>
src\pages\brand-messages.tsx:928 | View Contract </Button>
src\pages\brand-wallet.tsx:722 | <Download className="h-4 w-4" /> Export </Button>
src\pages\brand-wallet.tsx:732 | <Plus className="h-4 w-4" /> Add Funds </Button>
src\pages\brand-wallet.tsx:1075 | <FileText className="h-4 w-4" /> </Button>
src\pages\brand-wallet.tsx:1107 | <Download className="h-4 w-4" /> </Button>
src\pages\creator-campaigns.tsx:184 | <SlidersHorizontal className="h-4 w-4" /> Filters {acti
src\pages\creator-chat.tsx:1934 | <MoreVertical className="h-4 w-4" /> </Button> </div> <
src\pages\creator-chat.tsx:2559 | <Paperclip className="h-5 w-5" /> </Button> <Textarea p
src\pages\creator-wallet.tsx:928 | Set Primary</Button> </div> </CardContent> </Card>
